
> website@0.1.0 build
> next build

▲ Next.js 16.2.11 (Turbopack)
- Environments: .env.local

  Creating an optimized production build ...

> Build error occurred
Error: Turbopack build failed with 8 errors:
./src/components/footer.tsx:4:1
Export Facebook doesn't exist in target module
  [90m2 |[0m
  [90m3 |[0m [36mimport[0m [33mLink[0m [36mfrom[0m [32m"next/link"[0m;
[31m[1m>[0m [90m4 |[0m [36mimport[0m { [33mFacebook[0m, [33mTwitter[0m, [33mInstagram[0m, [33mLinkedin[0m } [36mfrom[0m [32m"lucide-react"[0m;
  [90m  |[0m [31m[1m^^^^^^^^^^^^^^^^^^^^^^^^^^^^^^^^^^^^^^^^^^^^^^^^^^^^^^^^^^^^^^^^^^^^^^[0m
  [90m5 |[0m
  [90m6 |[0m [36mexport[0m [36mdefault[0m [36mfunction[0m [33mFooter[0m() {
  [90m7 |[0m   [36mreturn[0m (

The export Facebook was not found in module [project]/node_modules/lucide-react/dist/esm/lucide-react.mjs [app-client] (ecmascript).
Did you mean to import Webhook?
All exports of the module are statically known (It doesn't have dynamic exports). So it's known statically that the requested export doesn't exist.

Import traces:
  Server Component:
    ./src/components/footer.tsx
    ./src/app/about/page.tsx

  Client Component Browser:
    ./src/components/footer.tsx [Client Component Browser]
    ./src/app/guidance/page.tsx [Client Component Browser]
    ./src/app/guidance/page.tsx [Server Component]

  Client Component SSR:
    ./src/components/footer.tsx [Client Component SSR]
    ./src/app/guidance/page.tsx [Client Component SSR]
    ./src/app/guidance/page.tsx [Server Component]


./src/components/footer.tsx:4:1
Export Facebook doesn't exist in target module
  [90m2 |[0m
  [90m3 |[0m [36mimport[0m [33mLink[0m [36mfrom[0m [32m"next/link"[0m;
[31m[1m>[0m [90m4 |[0m [36mimport[0m { [33mFacebook[0m, [33mTwitter[0m, [33mInstagram[0m, [33mLinkedin[0m } [36mfrom[0m [32m"lucide-react"[0m;
  [90m  |[0m [31m[1m^^^^^^^^^^^^^^^^^^^^^^^^^^^^^^^^^^^^^^^^^^^^^^^^^^^^^^^^^^^^^^^^^^^^^^[0m
  [90m5 |[0m
  [90m6 |[0m [36mexport[0m [36mdefault[0m [36mfunction[0m [33mFooter[0m() {
  [90m7 |[0m   [36mreturn[0m (

The export Facebook was not found in module [project]/node_modules/lucide-react/dist/esm/lucide-react.mjs [app-ssr] (ecmascript).
Did you mean to import Webhook?
All exports of the module are statically known (It doesn't have dynamic exports). So it's known statically that the requested export doesn't exist.

Import traces:
  Server Component:
    ./src/components/footer.tsx
    ./src/app/about/page.tsx

  Client Component Browser:
    ./src/components/footer.tsx [Client Component Browser]
    ./src/app/guidance/page.tsx [Client Component Browser]
    ./src/app/guidance/page.tsx [Server Component]

  Client Component SSR:
    ./src/components/footer.tsx [Client Component SSR]
    ./src/app/guidance/page.tsx [Client Component SSR]
    ./src/app/guidance/page.tsx [Server Component]


./src/components/footer.tsx:4:1
Export Instagram doesn't exist in target module
  [90m2 |[0m
  [90m3 |[0m [36mimport[0m [33mLink[0m [36mfrom[0m [32m"next/link"[0m;
[31m[1m>[0m [90m4 |[0m [36mimport[0m { [33mFacebook[0m, [33mTwitter[0m, [33mInstagram[0m, [33mLinkedin[0m } [36mfrom[0m [32m"lucide-react"[0m;
  [90m  |[0m [31m[1m^^^^^^^^^^^^^^^^^^^^^^^^^^^^^^^^^^^^^^^^^^^^^^^^^^^^^^^^^^^^^^^^^^^^^^[0m
  [90m5 |[0m
  [90m6 |[0m [36mexport[0m [36mdefault[0m [36mfunction[0m [33mFooter[0m() {
  [90m7 |[0m   [36mreturn[0m (

The export Instagram was not found in module [project]/node_modules/lucide-react/dist/esm/lucide-react.mjs [app-client] (ecmascript).
Did you mean to import Star?
All exports of the module are statically known (It doesn't have dynamic exports). So it's known statically that the requested export doesn't exist.

Import traces:
  Server Component:
    ./src/components/footer.tsx
    ./src/app/about/page.tsx

  Client Component Browser:
    ./src/components/footer.tsx [Client Component Browser]
    ./src/app/guidance/page.tsx [Client Component Browser]
    ./src/app/guidance/page.tsx [Server Component]

  Client Component SSR:
    ./src/components/footer.tsx [Client Component SSR]
    ./src/app/guidance/page.tsx [Client Component SSR]
    ./src/app/guidance/page.tsx [Server Component]


./src/components/footer.tsx:4:1
Export Instagram doesn't exist in target module
  [90m2 |[0m
  [90m3 |[0m [36mimport[0m [33mLink[0m [36mfrom[0m [32m"next/link"[0m;
[31m[1m>[0m [90m4 |[0m [36mimport[0m { [33mFacebook[0m, [33mTwitter[0m, [33mInstagram[0m, [33mLinkedin[0m } [36mfrom[0m [32m"lucide-react"[0m;
  [90m  |[0m [31m[1m^^^^^^^^^^^^^^^^^^^^^^^^^^^^^^^^^^^^^^^^^^^^^^^^^^^^^^^^^^^^^^^^^^^^^^[0m
  [90m5 |[0m
  [90m6 |[0m [36mexport[0m [36mdefault[0m [36mfunction[0m [33mFooter[0m() {
  [90m7 |[0m   [36mreturn[0m (

The export Instagram was not found in module [project]/node_modules/lucide-react/dist/esm/lucide-react.mjs [app-ssr] (ecmascript).
Did you mean to import Star?
All exports of the module are statically known (It doesn't have dynamic exports). So it's known statically that the requested export doesn't exist.

Import traces:
  Server Component:
    ./src/components/footer.tsx
    ./src/app/about/page.tsx

  Client Component Browser:
    ./src/components/footer.tsx [Client Component Browser]
    ./src/app/guidance/page.tsx [Client Component Browser]
    ./src/app/guidance/page.tsx [Server Component]

  Client Component SSR:
    ./src/components/footer.tsx [Client Component SSR]
    ./src/app/guidance/page.tsx [Client Component SSR]
    ./src/app/guidance/page.tsx [Server Component]


./src/components/footer.tsx:4:1
Export Linkedin doesn't exist in target module
  [90m2 |[0m
  [90m3 |[0m [36mimport[0m [33mLink[0m [36mfrom[0m [32m"next/link"[0m;
[31m[1m>[0m [90m4 |[0m [36mimport[0m { [33mFacebook[0m, [33mTwitter[0m, [33mInstagram[0m, [33mLinkedin[0m } [36mfrom[0m [32m"lucide-react"[0m;
  [90m  |[0m [31m[1m^^^^^^^^^^^^^^^^^^^^^^^^^^^^^^^^^^^^^^^^^^^^^^^^^^^^^^^^^^^^^^^^^^^^^^[0m
  [90m5 |[0m
  [90m6 |[0m [36mexport[0m [36mdefault[0m [36mfunction[0m [33mFooter[0m() {
  [90m7 |[0m   [36mreturn[0m (

The export Linkedin was not found in module [project]/node_modules/lucide-react/dist/esm/lucide-react.mjs [app-client] (ecmascript).
Did you mean to import Link?
All exports of the module are statically known (It doesn't have dynamic exports). So it's known statically that the requested export doesn't exist.

Import traces:
  Server Component:
    ./src/components/footer.tsx
    ./src/app/about/page.tsx

  Client Component Browser:
    ./src/components/footer.tsx [Client Component Browser]
    ./src/app/guidance/page.tsx [Client Component Browser]
    ./src/app/guidance/page.tsx [Server Component]

  Client Component SSR:
    ./src/components/footer.tsx [Client Component SSR]
    ./src/app/guidance/page.tsx [Client Component SSR]
    ./src/app/guidance/page.tsx [Server Component]


./src/components/footer.tsx:4:1
Export Linkedin doesn't exist in target module
  [90m2 |[0m
  [90m3 |[0m [36mimport[0m [33mLink[0m [36mfrom[0m [32m"next/link"[0m;
[31m[1m>[0m [90m4 |[0m [36mimport[0m { [33mFacebook[0m, [33mTwitter[0m, [33mInstagram[0m, [33mLinkedin[0m } [36mfrom[0m [32m"lucide-react"[0m;
  [90m  |[0m [31m[1m^^^^^^^^^^^^^^^^^^^^^^^^^^^^^^^^^^^^^^^^^^^^^^^^^^^^^^^^^^^^^^^^^^^^^^[0m
  [90m5 |[0m
  [90m6 |[0m [36mexport[0m [36mdefault[0m [36mfunction[0m [33mFooter[0m() {
  [90m7 |[0m   [36mreturn[0m (

The export Linkedin was not found in module [project]/node_modules/lucide-react/dist/esm/lucide-react.mjs [app-ssr] (ecmascript).
Did you mean to import Link?
All exports of the module are statically known (It doesn't have dynamic exports). So it's known statically that the requested export doesn't exist.

Import traces:
  Server Component:
    ./src/components/footer.tsx
    ./src/app/about/page.tsx

  Client Component Browser:
    ./src/components/footer.tsx [Client Component Browser]
    ./src/app/guidance/page.tsx [Client Component Browser]
    ./src/app/guidance/page.tsx [Server Component]

  Client Component SSR:
    ./src/components/footer.tsx [Client Component SSR]
    ./src/app/guidance/page.tsx [Client Component SSR]
    ./src/app/guidance/page.tsx [Server Component]


./src/components/footer.tsx:4:1
Export Twitter doesn't exist in target module
  [90m2 |[0m
  [90m3 |[0m [36mimport[0m [33mLink[0m [36mfrom[0m [32m"next/link"[0m;
[31m[1m>[0m [90m4 |[0m [36mimport[0m { [33mFacebook[0m, [33mTwitter[0m, [33mInstagram[0m, [33mLinkedin[0m } [36mfrom[0m [32m"lucide-react"[0m;
  [90m  |[0m [31m[1m^^^^^^^^^^^^^^^^^^^^^^^^^^^^^^^^^^^^^^^^^^^^^^^^^^^^^^^^^^^^^^^^^^^^^^[0m
  [90m5 |[0m
  [90m6 |[0m [36mexport[0m [36mdefault[0m [36mfunction[0m [33mFooter[0m() {
  [90m7 |[0m   [36mreturn[0m (

The export Twitter was not found in module [project]/node_modules/lucide-react/dist/esm/lucide-react.mjs [app-client] (ecmascript).
Did you mean to import Timer?
All exports of the module are statically known (It doesn't have dynamic exports). So it's known statically that the requested export doesn't exist.

Import traces:
  Server Component:
    ./src/components/footer.tsx
    ./src/app/about/page.tsx

  Client Component Browser:
    ./src/components/footer.tsx [Client Component Browser]
    ./src/app/guidance/page.tsx [Client Component Browser]
    ./src/app/guidance/page.tsx [Server Component]

  Client Component SSR:
    ./src/components/footer.tsx [Client Component SSR]
    ./src/app/guidance/page.tsx [Client Component SSR]
    ./src/app/guidance/page.tsx [Server Component]


./src/components/footer.tsx:4:1
Export Twitter doesn't exist in target module
  [90m2 |[0m
  [90m3 |[0m [36mimport[0m [33mLink[0m [36mfrom[0m [32m"next/link"[0m;
[31m[1m>[0m [90m4 |[0m [36mimport[0m { [33mFacebook[0m, [33mTwitter[0m, [33mInstagram[0m, [33mLinkedin[0m } [36mfrom[0m [32m"lucide-react"[0m;
  [90m  |[0m [31m[1m^^^^^^^^^^^^^^^^^^^^^^^^^^^^^^^^^^^^^^^^^^^^^^^^^^^^^^^^^^^^^^^^^^^^^^[0m
  [90m5 |[0m
  [90m6 |[0m [36mexport[0m [36mdefault[0m [36mfunction[0m [33mFooter[0m() {
  [90m7 |[0m   [36mreturn[0m (

The export Twitter was not found in module [project]/node_modules/lucide-react/dist/esm/lucide-react.mjs [app-ssr] (ecmascript).
Did you mean to import Timer?
All exports of the module are statically known (It doesn't have dynamic exports). So it's known statically that the requested export doesn't exist.

Import traces:
  Server Component:
    ./src/components/footer.tsx
    ./src/app/about/page.tsx

  Client Component Browser:
    ./src/components/footer.tsx [Client Component Browser]
    ./src/app/guidance/page.tsx [Client Component Browser]
    ./src/app/guidance/page.tsx [Server Component]

  Client Component SSR:
    ./src/components/footer.tsx [Client Component SSR]
    ./src/app/guidance/page.tsx [Client Component SSR]
    ./src/app/guidance/page.tsx [Server Component]


    at <unknown> (./src/components/footer.tsx:4:1)
    at <unknown> (./src/components/footer.tsx:4:1)
    at <unknown> (./src/components/footer.tsx:4:1)
    at <unknown> (./src/components/footer.tsx:4:1)
    at <unknown> (./src/components/footer.tsx:4:1)
    at <unknown> (./src/components/footer.tsx:4:1)
    at <unknown> (./src/components/footer.tsx:4:1)
    at <unknown> (./src/components/footer.tsx:4:1)
